#
# There is insufficient memory for the Java Runtime Environment to continue.
# Native memory allocation (malloc) failed to allocate 1959376 bytes for Chunk::new
# Possible reasons:
#   The system is out of physical RAM or swap space
#   The process is running with CompressedOops enabled, and the Java Heap may be blocking the growth of the native heap
# Possible solutions:
#   Reduce memory load on the system
#   Increase physical memory or swap space
#   Check if swap backing store is full
#   Decrease Java heap size (-Xmx/-Xms)
#   Decrease number of Java threads
#   Decrease Java thread stack sizes (-Xss)
#   Set larger code cache with -XX:ReservedCodeCacheSize=
#   JVM is running with Zero Based Compressed Oops mode in which the Java heap is
#     placed in the first 32GB address space. The Java Heap base address is the
#     maximum limit for the native heap growth. Please use -XX:HeapBaseMinAddress
#     to set the Java Heap base and to place the Java Heap above 32GB virtual address.
# This output file may be truncated or incomplete.
#
#  Out of Memory Error (arena.cpp:168), pid=3880, tid=19600
#
# JRE version: Java(TM) SE Runtime Environment (21.0.9+7) (build 21.0.9+7-LTS-338)
# Java VM: Java HotSpot(TM) 64-Bit Server VM (21.0.9+7-LTS-338, mixed mode, sharing, tiered, compressed oops, compressed class ptrs, g1 gc, windows-amd64)
# No core dump will be written. Minidumps are not enabled by default on client versions of Windows
#

---------------  S U M M A R Y ------------

Command Line: -javaagent:D:\Program Files\JetBrains\IntelliJ IDEA 2025.2\lib\idea_rt.jar=62409 -Dfile.encoding=UTF-8 -Dsun.stdout.encoding=UTF-8 -Dsun.stderr.encoding=UTF-8 com.yupi.yuaicodemother.YupiAiCodeMotherApplication

Host: Intel(R) Core(TM) i7-1065G7 CPU @ 1.30GHz, 8 cores, 15G,  Windows 11 , 64 bit Build 26100 (10.0.26100.7705)
Time: Wed Mar 18 20:54:07 2026 elapsed time: 74.492317 seconds (0d 0h 1m 14s)

---------------  T H R E A D  ---------------

Current thread (0x000001c1f54d4fb0):  JavaThread "C2 CompilerThread0" daemon [_thread_in_native, id=19600, stack(0x0000004a0bc00000,0x0000004a0bd00000) (1024K)]


Current CompileTask:
C2:  74492 4961   !   4       jdk.internal.loader.BuiltinClassLoader::findClassOnClassPathOrNull (64 bytes)

Stack: [0x0000004a0bc00000,0x0000004a0bd00000]
Native frames: (J=compiled Java code, j=interpreted, Vv=VM code, C=native code)
V  [jvm.dll+0x6cbf89]
V  [jvm.dll+0x858421]
V  [jvm.dll+0x85a94e]
V  [jvm.dll+0x85b023]
V  [jvm.dll+0x27ebc6]
V  [jvm.dll+0xc4f4d]
V  [jvm.dll+0xc5483]
V  [jvm.dll+0x3b69c2]
V  [jvm.dll+0x382925]
V  [jvm.dll+0x381d9a]
V  [jvm.dll+0x247640]
V  [jvm.dll+0x246c1f]
V  [jvm.dll+0x1c7a3e]
V  [jvm.dll+0x256329]
V  [jvm.dll+0x2548ba]
V  [jvm.dll+0x3efdee]
V  [jvm.dll+0x80265b]
V  [jvm.dll+0x6ca66d]
C  [ucrtbase.dll+0x37b0]
C  [KERNEL32.DLL+0x2e8d7]
C  [ntdll.dll+0x8c40c]


---------------  P R O C E S S  ---------------

Threads class SMR info:
_java_thread_list=0x000001c1fc9bdfd0, length=30, elements={
0x000001c1f54bebd0, 0x000001c1f54c0550, 0x000001c1f54c80c0, 0x000001c1f54ca9f0,
0x000001c1f54cd150, 0x000001c1f54cc430, 0x000001c1f54d4fb0, 0x000001c1f54d9d30,
0x000001c1f54cd7e0, 0x000001c1f54ca360, 0x000001c1f54cb080, 0x000001c1fb16ca10,
0x000001c1fb16ddc0, 0x000001c1fb16bcf0, 0x000001c1fb16c380, 0x000001c1fb16d0a0,
0x000001c1fb16e450, 0x000001c1fb16d730, 0x000001c1fb16afd0, 0x000001c1fb16eae0,
0x000001c1fb16b660, 0x000001c1fb16f800, 0x000001c1fb171240, 0x000001c1fb170bb0,
0x000001c1fb1718d0, 0x000001c1fb1725f0, 0x000001c1fb16f170, 0x000001c1fb16fe90,
0x000001c1fd196270, 0x000001c1fd194e00
}

Java Threads: ( => current thread )
  0x000001c1f54bebd0 JavaThread "Reference Handler"          daemon [_thread_blocked, id=9096, stack(0x0000004a0b600000,0x0000004a0b700000) (1024K)]
  0x000001c1f54c0550 JavaThread "Finalizer"                  daemon [_thread_blocked, id=6800, stack(0x0000004a0b700000,0x0000004a0b800000) (1024K)]
  0x000001c1f54c80c0 JavaThread "Signal Dispatcher"          daemon [_thread_blocked, id=17948, stack(0x0000004a0b800000,0x0000004a0b900000) (1024K)]
  0x000001c1f54ca9f0 JavaThread "Attach Listener"            daemon [_thread_blocked, id=10576, stack(0x0000004a0b900000,0x0000004a0ba00000) (1024K)]
  0x000001c1f54cd150 JavaThread "Service Thread"             daemon [_thread_blocked, id=13276, stack(0x0000004a0ba00000,0x0000004a0bb00000) (1024K)]
  0x000001c1f54cc430 JavaThread "Monitor Deflation Thread"   daemon [_thread_blocked, id=16388, stack(0x0000004a0bb00000,0x0000004a0bc00000) (1024K)]
=>0x000001c1f54d4fb0 JavaThread "C2 CompilerThread0"         daemon [_thread_in_native, id=19600, stack(0x0000004a0bc00000,0x0000004a0bd00000) (1024K)]
  0x000001c1f54d9d30 JavaThread "C1 CompilerThread0"         daemon [_thread_blocked, id=9140, stack(0x0000004a0bd00000,0x0000004a0be00000) (1024K)]
  0x000001c1f54cd7e0 JavaThread "Common-Cleaner"             daemon [_thread_blocked, id=19820, stack(0x0000004a0be00000,0x0000004a0bf00000) (1024K)]
  0x000001c1f54ca360 JavaThread "Monitor Ctrl-Break"         daemon [_thread_in_native, id=4776, stack(0x0000004a0c000000,0x0000004a0c100000) (1024K)]
  0x000001c1f54cb080 JavaThread "Notification Thread"        daemon [_thread_blocked, id=9952, stack(0x0000004a0c100000,0x0000004a0c200000) (1024K)]
  0x000001c1fb16ca10 JavaThread "Catalina-utility-1"                [_thread_blocked, id=7632, stack(0x0000004a0cb00000,0x0000004a0cc00000) (1024K)]
  0x000001c1fb16ddc0 JavaThread "Catalina-utility-2"                [_thread_blocked, id=24908, stack(0x0000004a0cc00000,0x0000004a0cd00000) (1024K)]
  0x000001c1fb16bcf0 JavaThread "container-0"                       [_thread_blocked, id=23008, stack(0x0000004a0cd00000,0x0000004a0ce00000) (1024K)]
  0x000001c1fb16c380 JavaThread "mysql-cj-abandoned-connection-cleanup" daemon [_thread_blocked, id=11132, stack(0x0000004a0ce00000,0x0000004a0cf00000) (1024K)]
  0x000001c1fb16d0a0 JavaThread "http-nio-8080-exec-1"       daemon [_thread_blocked, id=17196, stack(0x0000004a0cf00000,0x0000004a0d000000) (1024K)]
  0x000001c1fb16e450 JavaThread "http-nio-8080-exec-2"       daemon [_thread_blocked, id=4548, stack(0x0000004a0d000000,0x0000004a0d100000) (1024K)]
  0x000001c1fb16d730 JavaThread "http-nio-8080-exec-3"       daemon [_thread_blocked, id=11508, stack(0x0000004a0d100000,0x0000004a0d200000) (1024K)]
  0x000001c1fb16afd0 JavaThread "http-nio-8080-exec-4"       daemon [_thread_blocked, id=21664, stack(0x0000004a0d200000,0x0000004a0d300000) (1024K)]
  0x000001c1fb16eae0 JavaThread "http-nio-8080-exec-5"       daemon [_thread_blocked, id=3844, stack(0x0000004a0d300000,0x0000004a0d400000) (1024K)]
  0x000001c1fb16b660 JavaThread "http-nio-8080-exec-6"       daemon [_thread_blocked, id=10812, stack(0x0000004a0d400000,0x0000004a0d500000) (1024K)]
  0x000001c1fb16f800 JavaThread "http-nio-8080-exec-7"       daemon [_thread_blocked, id=2032, stack(0x0000004a0d500000,0x0000004a0d600000) (1024K)]
  0x000001c1fb171240 JavaThread "http-nio-8080-exec-8"       daemon [_thread_blocked, id=21460, stack(0x0000004a0d600000,0x0000004a0d700000) (1024K)]
  0x000001c1fb170bb0 JavaThread "http-nio-8080-exec-9"       daemon [_thread_blocked, id=6984, stack(0x0000004a0d700000,0x0000004a0d800000) (1024K)]
  0x000001c1fb1718d0 JavaThread "http-nio-8080-exec-10"      daemon [_thread_blocked, id=14340, stack(0x0000004a0d800000,0x0000004a0d900000) (1024K)]
  0x000001c1fb1725f0 JavaThread "http-nio-8080-Poller"       daemon [_thread_in_native, id=25216, stack(0x0000004a0d900000,0x0000004a0da00000) (1024K)]
  0x000001c1fb16f170 JavaThread "http-nio-8080-Acceptor"     daemon [_thread_in_native, id=1148, stack(0x0000004a0da00000,0x0000004a0db00000) (1024K)]
  0x000001c1fb16fe90 JavaThread "DestroyJavaVM"                     [_thread_blocked, id=19896, stack(0x0000004a0ae00000,0x0000004a0af00000) (1024K)]
  0x000001c1fd196270 JavaThread "C2 CompilerThread1"         daemon [_thread_in_native, id=1852, stack(0x0000004a0ab00000,0x0000004a0ac00000) (1024K)]
  0x000001c1fd194e00 JavaThread "C2 CompilerThread2"         daemon [_thread_in_native, id=5964, stack(0x0000004a0ad00000,0x0000004a0ae00000) (1024K)]
Total: 30

Other Threads:
  0x000001c1f54a0d30 VMThread "VM Thread"                           [id=23060, stack(0x0000004a0b500000,0x0000004a0b600000) (1024K)]
  0x000001c1f5489820 WatcherThread "VM Periodic Task Thread"        [id=18352, stack(0x0000004a0b400000,0x0000004a0b500000) (1024K)]
  0x000001c1d46d8970 WorkerThread "GC Thread#0"                     [id=23500, stack(0x0000004a0af00000,0x0000004a0b000000) (1024K)]
  0x000001c1fa472ee0 WorkerThread "GC Thread#1"                     [id=7768, stack(0x0000004a0c200000,0x0000004a0c300000) (1024K)]
  0x000001c1fa473290 WorkerThread "GC Thread#2"                     [id=5124, stack(0x0000004a0c300000,0x0000004a0c400000) (1024K)]
  0x000001c1fa473e60 WorkerThread "GC Thread#3"                     [id=21172, stack(0x0000004a0c400000,0x0000004a0c500000) (1024K)]
  0x000001c1fa54d970 WorkerThread "GC Thread#4"                     [id=2784, stack(0x0000004a0c500000,0x0000004a0c600000) (1024K)]
  0x000001c1fa54dd20 WorkerThread "GC Thread#5"                     [id=13548, stack(0x0000004a0c600000,0x0000004a0c700000) (1024K)]
  0x000001c1fa974d30 WorkerThread "GC Thread#6"                     [id=4572, stack(0x0000004a0c800000,0x0000004a0c900000) (1024K)]
  0x000001c1fa973e70 WorkerThread "GC Thread#7"                     [id=22080, stack(0x0000004a0c900000,0x0000004a0ca00000) (1024K)]
  0x000001c1d46e9430 ConcurrentGCThread "G1 Main Marker"            [id=8364, stack(0x0000004a0b000000,0x0000004a0b100000) (1024K)]
  0x000001c1d46eadc0 WorkerThread "G1 Conc#0"                       [id=14796, stack(0x0000004a0b100000,0x0000004a0b200000) (1024K)]
  0x000001c1fa974980 WorkerThread "G1 Conc#1"                       [id=20016, stack(0x0000004a0c700000,0x0000004a0c800000) (1024K)]
  0x000001c1f53585c0 ConcurrentGCThread "G1 Refine#0"               [id=23356, stack(0x0000004a0b200000,0x0000004a0b300000) (1024K)]
  0x000001c1f535a300 ConcurrentGCThread "G1 Service"                [id=4832, stack(0x0000004a0b300000,0x0000004a0b400000) (1024K)]
Total: 15

Threads with active compile tasks:
C2 CompilerThread0    74525 4961   !   4       jdk.internal.loader.BuiltinClassLoader::findClassOnClassPathOrNull (64 bytes)
C2 CompilerThread1    74525 4965   !   4       org.springframework.beans.factory.support.DefaultListableBeanFactory::doGetBeanNamesForType (527 bytes)
C2 CompilerThread2    74525 5107       4       java.net.URLStreamHandler::parseURL (1124 bytes)
Total: 3

VM state: not at safepoint (normal execution)

VM Mutex/Monitor currently owned by a thread: None

Heap address: 0x0000000705200000, size: 4014 MB, Compressed Oops mode: Zero based, Oop shift amount: 3

CDS archive(s) mapped at: [0x000001c180000000-0x000001c180c90000-0x000001c180c90000), size 13172736, SharedBaseAddress: 0x000001c180000000, ArchiveRelocationMode: 1.
Compressed class space mapped at: 0x000001c181000000-0x000001c1c1000000, reserved size: 1073741824
Narrow klass base: 0x000001c180000000, Narrow klass shift: 0, Narrow klass range: 0x100000000

GC Precious Log:
 CardTable entry size: 512
 Card Set container configuration: InlinePtr #cards 4 size 8 Array Of Cards #cards 16 size 48 Howl #buckets 8 coarsen threshold 3686 Howl Bitmap #cards 512 size 80 coarsen threshold 460 Card regions per heap region 1 cards per card region 4096
 CPUs: 8 total, 8 available
 Memory: 16049M
 Large Page Support: Disabled
 NUMA Support: Disabled
 Compressed Oops: Enabled (Zero based)
 Heap Region Size: 2M
 Heap Min Capacity: 8M
 Heap Initial Capacity: 252M
 Heap Max Capacity: 4014M
 Pre-touch: Disabled
 Parallel Workers: 8
 Concurrent Workers: 2
 Concurrent Refinement Workers: 8
 Periodic GC: Disabled

Heap:
 garbage-first heap   total 55296K, used 30232K [0x0000000705200000, 0x0000000800000000)
  region size 2048K, 7 young (14336K), 2 survivors (4096K)
 Metaspace       used 41730K, committed 42432K, reserved 1114112K
  class space    used 5179K, committed 5504K, reserved 1048576K

Heap Regions: E=young(eden), S=young(survivor), O=old, HS=humongous(starts), HC=humongous(continues), CS=collection set, F=free, TAMS=top-at-mark-start, PB=parsable bottom
|   0|0x0000000705200000, 0x0000000705400000, 0x0000000705400000|100%| O|  |TAMS 0x0000000705200000| PB 0x0000000705200000| Untracked 
|   1|0x0000000705400000, 0x0000000705600000, 0x0000000705600000|100%| O|  |TAMS 0x0000000705400000| PB 0x0000000705400000| Untracked 
|   2|0x0000000705600000, 0x0000000705800000, 0x0000000705800000|100%| O|  |TAMS 0x0000000705600000| PB 0x0000000705600000| Untracked 
|   3|0x0000000705800000, 0x0000000705a00000, 0x0000000705a00000|100%| O|  |TAMS 0x0000000705800000| PB 0x0000000705800000| Untracked 
|   4|0x0000000705a00000, 0x0000000705c00000, 0x0000000705c00000|100%| O|  |TAMS 0x0000000705a00000| PB 0x0000000705a00000| Untracked 
|   5|0x0000000705c00000, 0x0000000705e00000, 0x0000000705e00000|100%| O|  |TAMS 0x0000000705c00000| PB 0x0000000705c00000| Untracked 
|   6|0x0000000705e00000, 0x0000000706000000, 0x0000000706000000|100%| O|  |TAMS 0x0000000705e00000| PB 0x0000000705e00000| Untracked 
|   7|0x0000000706000000, 0x0000000706200000, 0x0000000706200000|100%| O|Cm|TAMS 0x0000000706000000| PB 0x0000000706000000| Complete 
|   8|0x0000000706200000, 0x0000000706386168, 0x0000000706400000| 76%| O|  |TAMS 0x0000000706200000| PB 0x0000000706200000| Untracked 
|   9|0x0000000706400000, 0x0000000706400000, 0x0000000706600000|  0%| F|  |TAMS 0x0000000706400000| PB 0x0000000706400000| Untracked 
|  10|0x0000000706600000, 0x0000000706600000, 0x0000000706800000|  0%| F|  |TAMS 0x0000000706600000| PB 0x0000000706600000| Untracked 
|  11|0x0000000706800000, 0x0000000706800000, 0x0000000706a00000|  0%| F|  |TAMS 0x0000000706800000| PB 0x0000000706800000| Untracked 
|  12|0x0000000706a00000, 0x0000000706c00000, 0x0000000706c00000|100%| S|CS|TAMS 0x0000000706a00000| PB 0x0000000706a00000| Complete 
|  13|0x0000000706c00000, 0x0000000706e00000, 0x0000000706e00000|100%| S|CS|TAMS 0x0000000706c00000| PB 0x0000000706c00000| Complete 
|  14|0x0000000706e00000, 0x0000000706e00000, 0x0000000707000000|  0%| F|  |TAMS 0x0000000706e00000| PB 0x0000000706e00000| Untracked 
|  15|0x0000000707000000, 0x0000000707000000, 0x0000000707200000|  0%| F|  |TAMS 0x0000000707000000| PB 0x0000000707000000| Untracked 
|  16|0x0000000707200000, 0x0000000707200000, 0x0000000707400000|  0%| F|  |TAMS 0x0000000707200000| PB 0x0000000707200000| Untracked 
|  17|0x0000000707400000, 0x0000000707400000, 0x0000000707600000|  0%| F|  |TAMS 0x0000000707400000| PB 0x0000000707400000| Untracked 
|  18|0x0000000707600000, 0x0000000707600000, 0x0000000707800000|  0%| F|  |TAMS 0x0000000707600000| PB 0x0000000707600000| Untracked 
|  19|0x0000000707800000, 0x0000000707800000, 0x0000000707a00000|  0%| F|  |TAMS 0x0000000707800000| PB 0x0000000707800000| Untracked 
|  20|0x0000000707a00000, 0x0000000707a00000, 0x0000000707c00000|  0%| F|  |TAMS 0x0000000707a00000| PB 0x0000000707a00000| Untracked 
|  21|0x0000000707c00000, 0x0000000707c00000, 0x0000000707e00000|  0%| F|  |TAMS 0x0000000707c00000| PB 0x0000000707c00000| Untracked 
|  98|0x0000000711600000, 0x000000071164e7e0, 0x0000000711800000| 15%| E|  |TAMS 0x0000000711600000| PB 0x0000000711600000| Complete 
|  99|0x0000000711800000, 0x0000000711a00000, 0x0000000711a00000|100%| E|CS|TAMS 0x0000000711800000| PB 0x0000000711800000| Complete 
| 100|0x0000000711a00000, 0x0000000711c00000, 0x0000000711c00000|100%| E|CS|TAMS 0x0000000711a00000| PB 0x0000000711a00000| Complete 
| 101|0x0000000711c00000, 0x0000000711e00000, 0x0000000711e00000|100%| E|CS|TAMS 0x0000000711c00000| PB 0x0000000711c00000| Complete 
| 125|0x0000000714c00000, 0x0000000714e00000, 0x0000000714e00000|100%| E|CS|TAMS 0x0000000714c00000| PB 0x0000000714c00000| Complete 

Card table byte_map: [0x000001c1ee340000,0x000001c1eeb20000] _byte_map_base: 0x000001c1eab17000

Marking Bits: (CMBitMap*) 0x000001c1d46d9080
 Bits: [0x000001c1eeb20000, 0x000001c1f29d8000)

Polling page: 0x000001c1d4730000

Metaspace:

Usage:
  Non-class:     35.69 MB used.
      Class:      5.06 MB used.
       Both:     40.75 MB used.

Virtual space:
  Non-class space:       64.00 MB reserved,      36.06 MB ( 56%) committed,  1 nodes.
      Class space:        1.00 GB reserved,       5.38 MB ( <1%) committed,  1 nodes.
             Both:        1.06 GB reserved,      41.44 MB (  4%) committed. 

Chunk freelists:
   Non-Class:  11.50 MB
       Class:  10.66 MB
        Both:  22.16 MB

MaxMetaspaceSize: unlimited
CompressedClassSpaceSize: 1.00 GB
Initial GC threshold: 21.00 MB
Current GC threshold: 59.06 MB
CDS: on
 - commit_granule_bytes: 65536.
 - commit_granule_words: 8192.
 - virtual_space_node_default_size: 8388608.
 - enlarge_chunks_in_place: 1.
 - use_allocation_guard: 0.


Internal statistics:

num_allocs_failed_limit: 6.
num_arena_births: 1004.
num_arena_deaths: 0.
num_vsnodes_births: 2.
num_vsnodes_deaths: 0.
num_space_committed: 663.
num_space_uncommitted: 0.
num_chunks_returned_to_freelist: 6.
num_chunks_taken_from_freelist: 2536.
num_chunk_merges: 6.
num_chunk_splits: 1683.
num_chunks_enlarged: 1152.
num_inconsistent_stats: 0.

CodeHeap 'non-profiled nmethods': size=120000Kb used=3139Kb max_used=3139Kb free=116860Kb
 bounds [0x000001c1e5bb0000, 0x000001c1e5ed0000, 0x000001c1ed0e0000]
CodeHeap 'profiled nmethods': size=120000Kb used=9696Kb max_used=9696Kb free=110304Kb
 bounds [0x000001c1de0e0000, 0x000001c1dea60000, 0x000001c1e5610000]
CodeHeap 'non-nmethods': size=5760Kb used=1703Kb max_used=1742Kb free=4056Kb
 bounds [0x000001c1e5610000, 0x000001c1e5880000, 0x000001c1e5bb0000]
 total_blobs=5330 nmethods=4733 adapters=501
 compilation: enabled
              stopped_count=0, restarted_count=0
 full_count=0

Compilation events (20 events):
Event: 74.206 Thread 0x000001c1f54d9d30 5101       1       org.springframework.util.LinkedCaseInsensitiveMap::getLocale (5 bytes)
Event: 74.206 Thread 0x000001c1f54d9d30 nmethod 5101 0x000001c1e5ec0510 code [0x000001c1e5ec06a0, 0x000001c1e5ec0770]
Event: 74.207 Thread 0x000001c1f54d9d30 5108       3       java.net.URI$Parser::checkChar (14 bytes)
Event: 74.207 Thread 0x000001c1f54d9d30 nmethod 5108 0x000001c1dea48610 code [0x000001c1dea487c0, 0x000001c1dea48918]
Event: 74.208 Thread 0x000001c1f54d9d30 5110       3       java.lang.invoke.VarHandleGuards::guard_LIL_V (135 bytes)
Event: 74.211 Thread 0x000001c1f54d9d30 nmethod 5110 0x000001c1dea48a10 code [0x000001c1dea48e40, 0x000001c1dea4b430]
Event: 74.211 Thread 0x000001c1f54d9d30 5111       3       java.lang.invoke.VarHandleReferences$Array::runtimeTypeCheck (26 bytes)
Event: 74.212 Thread 0x000001c1f54d9d30 nmethod 5111 0x000001c1dea4bf10 code [0x000001c1dea4c160, 0x000001c1dea4c968]
Event: 74.212 Thread 0x000001c1f54d9d30 5115       3       org.springframework.http.MediaType::getQualityValue (24 bytes)
Event: 74.214 Thread 0x000001c1f54d9d30 nmethod 5115 0x000001c1dea4cd10 code [0x000001c1dea4cf80, 0x000001c1dea4d830]
Event: 74.214 Thread 0x000001c1f54d9d30 5119       3       java.net.URLConnection::<init> (62 bytes)
Event: 74.214 Thread 0x000001c1f54d9d30 nmethod 5119 0x000001c1dea4db10 code [0x000001c1dea4dd00, 0x000001c1dea4e270]
Event: 74.214 Thread 0x000001c1f54d9d30 5117       3       org.springframework.util.MimeType::isWildcardSubtype (29 bytes)
Event: 74.215 Thread 0x000001c1f54d9d30 nmethod 5117 0x000001c1dea4e410 code [0x000001c1dea4e5e0, 0x000001c1dea4e910]
Event: 74.215 Thread 0x000001c1f54d9d30 5116       3       org.springframework.util.MimeType::getParameter (14 bytes)
Event: 74.215 Thread 0x000001c1f54d9d30 nmethod 5116 0x000001c1dea4ea10 code [0x000001c1dea4ebc0, 0x000001c1dea4ee90]
Event: 74.215 Thread 0x000001c1f54d9d30 5118       3       java.net.URLConnection::getDefaultUseCaches (27 bytes)
Event: 74.215 Thread 0x000001c1f54d9d30 nmethod 5118 0x000001c1dea4ef90 code [0x000001c1dea4f160, 0x000001c1dea4f4c8]
Event: 74.215 Thread 0x000001c1f54d9d30 5113   !   3       sun.net.www.protocol.jar.JarURLConnection::connect (196 bytes)
Event: 74.485 Thread 0x000001c1f54d9d30 nmethod 5113 0x000001c1dea4f610 code [0x000001c1dea4f960, 0x000001c1dea50c60]

GC Heap History (14 events):
Event: 0.714 GC heap before
{Heap before GC invocations=0 (full 0):
 garbage-first heap   total 258048K, used 22528K [0x0000000705200000, 0x0000000800000000)
  region size 2048K, 11 young (22528K), 0 survivors (0K)
 Metaspace       used 5976K, committed 6208K, reserved 1114112K
  class space    used 680K, committed 768K, reserved 1048576K
}
Event: 0.718 GC heap after
{Heap after GC invocations=1 (full 0):
 garbage-first heap   total 258048K, used 5279K [0x0000000705200000, 0x0000000800000000)
  region size 2048K, 2 young (4096K), 2 survivors (4096K)
 Metaspace       used 5976K, committed 6208K, reserved 1114112K
  class space    used 680K, committed 768K, reserved 1048576K
}
Event: 1.305 GC heap before
{Heap before GC invocations=1 (full 0):
 garbage-first heap   total 258048K, used 31903K [0x0000000705200000, 0x0000000800000000)
  region size 2048K, 16 young (32768K), 2 survivors (4096K)
 Metaspace       used 13671K, committed 14016K, reserved 1114112K
  class space    used 1659K, committed 1792K, reserved 1048576K
}
Event: 1.310 GC heap after
{Heap after GC invocations=2 (full 0):
 garbage-first heap   total 258048K, used 8230K [0x0000000705200000, 0x0000000800000000)
  region size 2048K, 2 young (4096K), 2 survivors (4096K)
 Metaspace       used 13671K, committed 14016K, reserved 1114112K
  class space    used 1659K, committed 1792K, reserved 1048576K
}
Event: 2.173 GC heap before
{Heap before GC invocations=2 (full 0):
 garbage-first heap   total 258048K, used 49190K [0x0000000705200000, 0x0000000800000000)
  region size 2048K, 24 young (49152K), 2 survivors (4096K)
 Metaspace       used 21206K, committed 21504K, reserved 1114112K
  class space    used 2609K, committed 2752K, reserved 1048576K
}
Event: 2.178 GC heap after
{Heap after GC invocations=3 (full 0):
 garbage-first heap   total 258048K, used 12061K [0x0000000705200000, 0x0000000800000000)
  region size 2048K, 4 young (8192K), 4 survivors (8192K)
 Metaspace       used 21206K, committed 21504K, reserved 1114112K
  class space    used 2609K, committed 2752K, reserved 1048576K
}
Event: 2.779 GC heap before
{Heap before GC invocations=4 (full 0):
 garbage-first heap   total 55296K, used 36637K [0x0000000705200000, 0x0000000800000000)
  region size 2048K, 16 young (32768K), 4 survivors (8192K)
 Metaspace       used 25784K, committed 26176K, reserved 1114112K
  class space    used 3154K, committed 3328K, reserved 1048576K
}
Event: 2.785 GC heap after
{Heap after GC invocations=5 (full 0):
 garbage-first heap   total 55296K, used 14485K [0x0000000705200000, 0x0000000800000000)
  region size 2048K, 2 young (4096K), 2 survivors (4096K)
 Metaspace       used 25784K, committed 26176K, reserved 1114112K
  class space    used 3154K, committed 3328K, reserved 1048576K
}
Event: 3.474 GC heap before
{Heap before GC invocations=5 (full 0):
 garbage-first heap   total 55296K, used 39061K [0x0000000705200000, 0x0000000800000000)
  region size 2048K, 14 young (28672K), 2 survivors (4096K)
 Metaspace       used 30835K, committed 31360K, reserved 1114112K
  class space    used 3803K, committed 4032K, reserved 1048576K
}
Event: 3.479 GC heap after
{Heap after GC invocations=6 (full 0):
 garbage-first heap   total 55296K, used 17289K [0x0000000705200000, 0x0000000800000000)
  region size 2048K, 2 young (4096K), 2 survivors (4096K)
 Metaspace       used 30835K, committed 31360K, reserved 1114112K
  class space    used 3803K, committed 4032K, reserved 1048576K
}
Event: 3.881 GC heap before
{Heap before GC invocations=6 (full 0):
 garbage-first heap   total 55296K, used 31625K [0x0000000705200000, 0x0000000800000000)
  region size 2048K, 10 young (20480K), 2 survivors (4096K)
 Metaspace       used 35618K, committed 36160K, reserved 1114112K
  class space    used 4383K, committed 4608K, reserved 1048576K
}
Event: 3.885 GC heap after
{Heap after GC invocations=7 (full 0):
 garbage-first heap   total 55296K, used 19216K [0x0000000705200000, 0x0000000800000000)
  region size 2048K, 1 young (2048K), 1 survivors (2048K)
 Metaspace       used 35618K, committed 36160K, reserved 1114112K
  class space    used 4383K, committed 4608K, reserved 1048576K
}
Event: 4.525 GC heap before
{Heap before GC invocations=8 (full 0):
 garbage-first heap   total 55296K, used 43792K [0x0000000705200000, 0x0000000800000000)
  region size 2048K, 13 young (26624K), 1 survivors (2048K)
 Metaspace       used 39801K, committed 40448K, reserved 1114112K
  class space    used 4950K, committed 5248K, reserved 1048576K
}
Event: 4.528 GC heap after
{Heap after GC invocations=9 (full 0):
 garbage-first heap   total 55296K, used 22040K [0x0000000705200000, 0x0000000800000000)
  region size 2048K, 2 young (4096K), 2 survivors (4096K)
 Metaspace       used 39801K, committed 40448K, reserved 1114112K
  class space    used 4950K, committed 5248K, reserved 1048576K
}

Dll operation events (12 events):
Event: 0.013 Loaded shared library C:\software_JAVA\jdk-21.0.9\bin\java.dll
Event: 0.058 Loaded shared library C:\software_JAVA\jdk-21.0.9\bin\jsvml.dll
Event: 0.168 Loaded shared library C:\software_JAVA\jdk-21.0.9\bin\zip.dll
Event: 0.174 Loaded shared library C:\software_JAVA\jdk-21.0.9\bin\instrument.dll
Event: 0.179 Loaded shared library C:\software_JAVA\jdk-21.0.9\bin\net.dll
Event: 0.182 Loaded shared library C:\software_JAVA\jdk-21.0.9\bin\nio.dll
Event: 0.186 Loaded shared library C:\software_JAVA\jdk-21.0.9\bin\zip.dll
Event: 0.265 Loaded shared library C:\software_JAVA\jdk-21.0.9\bin\extnet.dll
Event: 0.296 Loaded shared library C:\software_JAVA\jdk-21.0.9\bin\jimage.dll
Event: 1.598 Loaded shared library C:\software_JAVA\jdk-21.0.9\bin\sunmscapi.dll
Event: 3.169 Loaded shared library C:\software_JAVA\jdk-21.0.9\bin\management.dll
Event: 3.171 Loaded shared library C:\software_JAVA\jdk-21.0.9\bin\management_ext.dll

Deoptimization events (20 events):
Event: 4.336 Thread 0x000001c1d419ecf0 DEOPT PACKING pc=0x000001c1e5bcd57c sp=0x0000004a0aefcb40
Event: 4.336 Thread 0x000001c1d419ecf0 DEOPT UNPACKING pc=0x000001c1e5667da2 sp=0x0000004a0aefcac0 mode 2
Event: 4.532 Thread 0x000001c1d419ecf0 Uncommon trap: trap_request=0xffffff45 fr.pc=0x000001c1e5c2270c relative=0x000000000000006c
Event: 4.532 Thread 0x000001c1d419ecf0 Uncommon trap: reason=unstable_if action=reinterpret pc=0x000001c1e5c2270c method=org.springframework.util.ConcurrentReferenceHashMap$Segment.clear()V @ 7 c2
Event: 4.532 Thread 0x000001c1d419ecf0 DEOPT PACKING pc=0x000001c1e5c2270c sp=0x0000004a0aeff1f0
Event: 4.532 Thread 0x000001c1d419ecf0 DEOPT UNPACKING pc=0x000001c1e5667da2 sp=0x0000004a0aeff180 mode 2
Event: 4.555 Thread 0x000001c1d419ecf0 Uncommon trap: trap_request=0xffffff45 fr.pc=0x000001c1e5c0f63c relative=0x00000000000009bc
Event: 4.555 Thread 0x000001c1d419ecf0 Uncommon trap: reason=unstable_if action=reinterpret pc=0x000001c1e5c0f63c method=java.lang.Integer.stringSize(I)I @ 19 c2
Event: 4.555 Thread 0x000001c1d419ecf0 DEOPT PACKING pc=0x000001c1e5c0f63c sp=0x0000004a0aefe3e0
Event: 4.555 Thread 0x000001c1d419ecf0 DEOPT UNPACKING pc=0x000001c1e5667da2 sp=0x0000004a0aefe338 mode 2
Event: 4.568 Thread 0x000001c1d419ecf0 Uncommon trap: trap_request=0xffffff45 fr.pc=0x000001c1e5e104ac relative=0x000000000000010c
Event: 4.568 Thread 0x000001c1d419ecf0 Uncommon trap: reason=unstable_if action=reinterpret pc=0x000001c1e5e104ac method=java.util.ArrayList.indexOfRange(Ljava/lang/Object;II)I @ 7 c2
Event: 4.568 Thread 0x000001c1d419ecf0 DEOPT PACKING pc=0x000001c1e5e104ac sp=0x0000004a0aefef70
Event: 4.568 Thread 0x000001c1d419ecf0 DEOPT UNPACKING pc=0x000001c1e5667da2 sp=0x0000004a0aefeef0 mode 2
Event: 9.575 Thread 0x000001c1fb16ddc0 Uncommon trap: trap_request=0xffffff45 fr.pc=0x000001c1e5cc6ba4 relative=0x0000000000000264
Event: 9.575 Thread 0x000001c1fb16ddc0 Uncommon trap: reason=unstable_if action=reinterpret pc=0x000001c1e5cc6ba4 method=java.util.concurrent.locks.ReentrantLock$Sync.lock()V @ 4 c2
Event: 9.575 Thread 0x000001c1fb16ddc0 DEOPT PACKING pc=0x000001c1e5cc6ba4 sp=0x0000004a0ccff170
Event: 9.575 Thread 0x000001c1fb16ddc0 DEOPT UNPACKING pc=0x000001c1e5667da2 sp=0x0000004a0ccff0d0 mode 2
Event: 74.004 Thread 0x000001c1fb16d0a0 DEOPT PACKING pc=0x000001c1de7f90b9 sp=0x0000004a0cffe2f0
Event: 74.004 Thread 0x000001c1fb16d0a0 DEOPT UNPACKING pc=0x000001c1e56688e2 sp=0x0000004a0cffd890 mode 0

Classes loaded (20 events):
Event: 73.869 Loading class java/lang/invoke/ConstantBootstraps
Event: 73.869 Loading class java/lang/invoke/ConstantBootstraps done
Event: 73.964 Loading class sun/nio/cs/ThreadLocalCoders
Event: 73.964 Loading class sun/nio/cs/ThreadLocalCoders done
Event: 73.964 Loading class sun/nio/cs/ThreadLocalCoders$1
Event: 73.964 Loading class sun/nio/cs/ThreadLocalCoders$Cache
Event: 73.964 Loading class sun/nio/cs/ThreadLocalCoders$Cache done
Event: 73.964 Loading class sun/nio/cs/ThreadLocalCoders$1 done
Event: 73.965 Loading class sun/nio/cs/ThreadLocalCoders$2
Event: 73.965 Loading class sun/nio/cs/ThreadLocalCoders$2 done
Event: 73.965 Loading class sun/nio/cs/ISO_8859_1$Decoder
Event: 73.965 Loading class sun/nio/cs/ISO_8859_1$Decoder done
Event: 74.023 Loading class java/util/ArrayList$SubList$2
Event: 74.023 Loading class java/util/ArrayList$SubList$2 done
Event: 74.046 Loading class java/time/format/DateTimeFormatterBuilder$ZoneTextPrinterParser
Event: 74.047 Loading class java/time/format/DateTimeFormatterBuilder$ZoneTextPrinterParser done
Event: 74.047 Loading class java/time/format/DateTimeFormatterBuilder$ReducedPrinterParser
Event: 74.047 Loading class java/time/format/DateTimeFormatterBuilder$ReducedPrinterParser done
Event: 74.113 Loading class java/util/concurrent/locks/ReentrantReadWriteLock$Sync$HoldCounter
Event: 74.113 Loading class java/util/concurrent/locks/ReentrantReadWriteLock$Sync$HoldCounter done

Classes unloaded (0 events):
No events

Classes redefined (0 events):
No events

Internal exceptions (20 events):
Event: 3.295 Thread 0x000001c1d419ecf0 Exception <a 'java/lang/NoSuchMethodError'{0x0000000707412cf0}: 'long java.lang.invoke.DirectMethodHandle$Holder.invokeVirtual(java.lang.Object, java.lang.Object)'> (0x0000000707412cf0) 
thrown [s\open\src\hotspot\share\interpreter\linkResolver.cpp, line 773]
Event: 3.337 Thread 0x000001c1d419ecf0 Exception <a 'java/lang/NoSuchMethodError'{0x0000000707598ce0}: 'void java.lang.invoke.DirectMethodHandle$Holder.invokeVirtual(java.lang.Object, java.lang.Object, long)'> (0x0000000707598ce0) 
thrown [s\open\src\hotspot\share\interpreter\linkResolver.cpp, line 773]
Event: 3.351 Thread 0x000001c1d419ecf0 Exception <a 'java/lang/NoSuchMethodError'{0x00000007075f7578}: 'void java.lang.invoke.Invokers$Holder.invokeExact_MT(java.lang.Object, java.lang.Object, java.lang.Object, java.lang.Object)'> (0x00000007075f7578) 
thrown [s\open\src\hotspot\share\interpreter\linkResolver.cpp, line 773]
Event: 3.412 Thread 0x000001c1d419ecf0 Exception <a 'java/lang/NoSuchMethodError'{0x00000007073bbdf0}: 'java.lang.Object java.lang.invoke.DirectMethodHandle$Holder.newInvokeSpecial(java.lang.Object, java.lang.Object, java.lang.Object, java.lang.Object, java.lang.Object, java.lang.Object, java.lang.Object, java.lang.Object, java.lang.Object, java.lang.Object, java.lang.Object, java.lang.Object, java.lang.Object, java.lang.Object, java.lang.Object)'> (0x00000007073bbdf0) 
thrown [s\open\src\hotspot\share\interpreter\linkResolver.cpp, line 773]
Event: 3.413 Thread 0x000001c1d419ecf0 Exception <a 'java/lang/NoSuchMethodError'{0x00000007073c6310}: 'java.lang.Object java.lang.invoke.DelegatingMethodHandle$Holder.reinvoke_L(java.lang.Object, java.lang.Object, java.lang.Object, java.lang.Object, java.lang.Object, java.lang.Object, java.lang.Object, java.lang.Object, java.lang.Object, java.lang.Object, java.lang.Object, java.lang.Object, java.lang.Object, java.lang.Object, java.lang.Object)'> (0x00000007073c6310) 
thrown [s\open\src\hotspot\share\interpreter\linkResolver.cpp, line 773]
Event: 3.669 Thread 0x000001c1d419ecf0 Exception <a 'java/lang/NoSuchMethodError'{0x0000000711996b38}: 'int java.lang.invoke.Invokers$Holder.invokeExact_MT(java.lang.Object, java.lang.Object, java.lang.Object)'> (0x0000000711996b38) 
thrown [s\open\src\hotspot\share\interpreter\linkResolver.cpp, line 773]
Event: 3.814 Thread 0x000001c1d419ecf0 Exception <a 'java/lang/NoSuchMethodError'{0x0000000707a0ea10}: 'java.lang.Object java.lang.invoke.DirectMethodHandle$Holder.newInvokeSpecial(java.lang.Object, java.lang.Object, java.lang.Object, java.lang.Object, java.lang.Object, java.lang.Object, java.lang.Object, java.lang.Object)'> (0x0000000707a0ea10) 
thrown [s\open\src\hotspot\share\interpreter\linkResolver.cpp, line 773]
Event: 3.953 Thread 0x000001c1d419ecf0 Exception <a 'java/lang/NoSuchMethodError'{0x0000000711cc8418}: 'java.lang.Object java.lang.invoke.DirectMethodHandle$Holder.invokeVirtual(java.lang.Object, java.lang.Object, java.lang.Object, java.lang.Object, java.lang.Object, java.lang.Object, java.lang.Object)'> (0x0000000711cc8418) 
thrown [s\open\src\hotspot\share\interpreter\linkResolver.cpp, line 773]
Event: 4.207 Thread 0x000001c1d419ecf0 Exception <a 'java/lang/IncompatibleClassChangeError'{0x0000000707a6a848}: Found class java.lang.Object, but interface was expected> (0x0000000707a6a848) 
thrown [s\open\src\hotspot\share\interpreter\linkResolver.cpp, line 840]
Event: 4.293 Thread 0x000001c1d419ecf0 Exception <a 'java/lang/NoSuchMethodError'{0x0000000707420da0}: 'int java.lang.invoke.DirectMethodHandle$Holder.invokeStaticInit(java.lang.Object, java.lang.Object, java.lang.Object, java.lang.Object)'> (0x0000000707420da0) 
thrown [s\open\src\hotspot\share\interpreter\linkResolver.cpp, line 773]
Event: 4.336 Thread 0x000001c1d419ecf0 Implicit null exception at 0x000001c1e5bcd2f7 to 0x000001c1e5bcd568
Event: 4.344 Thread 0x000001c1d419ecf0 Exception <a 'java/lang/NoSuchMethodError'{0x00000007075ef3b8}: 'void java.lang.invoke.DirectMethodHandle$Holder.invokeStatic(java.lang.Object, java.lang.Object, int)'> (0x00000007075ef3b8) 
thrown [s\open\src\hotspot\share\interpreter\linkResolver.cpp, line 773]
Event: 4.395 Thread 0x000001c1d419ecf0 Exception <a 'java/lang/NoSuchMethodError'{0x000000070738da78}: 'java.lang.Object java.lang.invoke.DirectMethodHandle$Holder.invokeVirtual(java.lang.Object, java.lang.Object, java.lang.Object, java.lang.Object, java.lang.Object, java.lang.Object, java.lang.Object, java.lang.Object, java.lang.Object, java.lang.Object)'> (0x000000070738da78) 
thrown [s\open\src\hotspot\share\interpreter\linkResolver.cpp, line 773]
Event: 4.430 Thread 0x000001c1d419ecf0 Exception <a 'java/lang/NoSuchMethodError'{0x00000007070b4eb8}: 'java.lang.Object java.lang.invoke.DirectMethodHandle$Holder.invokeVirtual(java.lang.Object, java.lang.Object, java.lang.Object, java.lang.Object, java.lang.Object, java.lang.Object, java.lang.Object, java.lang.Object, java.lang.Object)'> (0x00000007070b4eb8) 
thrown [s\open\src\hotspot\share\interpreter\linkResolver.cpp, line 773]
Event: 4.537 Thread 0x000001c1d419ecf0 Exception <a 'java/lang/NoSuchMethodError'{0x0000000714c7ba50}: 'java.lang.Object java.lang.invoke.DirectMethodHandle$Holder.newInvokeSpecial(java.lang.Object, java.lang.Object, int, java.lang.Object, java.lang.Object)'> (0x0000000714c7ba50) 
thrown [s\open\src\hotspot\share\interpreter\linkResolver.cpp, line 773]
Event: 73.861 Thread 0x000001c1fb16f170 Exception <a 'java/lang/NoSuchMethodError'{0x0000000711df56f8}: 'java.lang.Object java.lang.invoke.DirectMethodHandle$Holder.invokeStatic(java.lang.Object, java.lang.Object, java.lang.Object, int, int)'> (0x0000000711df56f8) 
thrown [s\open\src\hotspot\share\interpreter\linkResolver.cpp, line 773]
Event: 73.861 Thread 0x000001c1fb16f170 Exception <a 'java/lang/NoSuchMethodError'{0x0000000711df8ea8}: 'java.lang.Object java.lang.invoke.DirectMethodHandle$Holder.invokeStaticInit(java.lang.Object, java.lang.Object, java.lang.Object, int, int)'> (0x0000000711df8ea8) 
thrown [s\open\src\hotspot\share\interpreter\linkResolver.cpp, line 773]
Event: 73.959 Thread 0x000001c1fb16d0a0 Exception <a 'java/lang/NoSuchMethodError'{0x0000000711b43ea8}: 'java.lang.Object java.lang.invoke.DirectMethodHandle$Holder.invokeSpecial(java.lang.Object, java.lang.Object, java.lang.Object, java.lang.Object, java.lang.Object, long)'> (0x0000000711b43ea8) 
thrown [s\open\src\hotspot\share\interpreter\linkResolver.cpp, line 773]
Event: 73.960 Thread 0x000001c1fb16d0a0 Exception <a 'java/lang/NoSuchMethodError'{0x0000000711b47bf8}: 'java.lang.Object java.lang.invoke.Invokers$Holder.linkToTargetMethod(java.lang.Object, java.lang.Object, java.lang.Object, long, java.lang.Object)'> (0x0000000711b47bf8) 
thrown [s\open\src\hotspot\share\interpreter\linkResolver.cpp, line 773]
Event: 74.023 Thread 0x000001c1fb16d0a0 Exception <a 'java/lang/NoSuchMethodError'{0x0000000711905860}: 'java.lang.Object java.lang.invoke.DirectMethodHandle$Holder.invokeStatic(java.lang.Object, int, int)'> (0x0000000711905860) 
thrown [s\open\src\hotspot\share\interpreter\linkResolver.cpp, line 773]

ZGC Phase Switch (0 events):
No events

VM Operations (20 events):
Event: 4.524 Executing VM operation: ICBufferFull
Event: 4.524 Executing VM operation: ICBufferFull done
Event: 4.525 Executing VM operation: G1CollectForAllocation (G1 Evacuation Pause)
Event: 4.528 Executing VM operation: G1CollectForAllocation (G1 Evacuation Pause) done
Event: 5.541 Executing VM operation: Cleanup
Event: 5.541 Executing VM operation: Cleanup done
Event: 13.607 Executing VM operation: Cleanup
Event: 13.607 Executing VM operation: Cleanup done
Event: 27.702 Executing VM operation: Cleanup
Event: 27.702 Executing VM operation: Cleanup done
Event: 60.038 Executing VM operation: HandshakeAllThreads (HandshakeForDeflation)
Event: 60.038 Executing VM operation: HandshakeAllThreads (HandshakeForDeflation) done
Event: 60.038 Executing VM operation: RendezvousGCThreads
Event: 60.038 Executing VM operation: RendezvousGCThreads done
Event: 73.973 Executing VM operation: HandshakeAllThreads (Deoptimize)
Event: 73.973 Executing VM operation: HandshakeAllThreads (Deoptimize) done
Event: 73.973 Executing VM operation: Cleanup
Event: 73.973 Executing VM operation: Cleanup done
Event: 73.982 Executing VM operation: HandshakeAllThreads (Deoptimize)
Event: 73.982 Executing VM operation: HandshakeAllThreads (Deoptimize) done

Events (20 events):
Event: 3.909 Thread 0x000001c1f54a0d30 flushing nmethod 0x000001c1de516210
Event: 3.909 Thread 0x000001c1f54a0d30 flushing nmethod 0x000001c1de54bc90
Event: 4.545 Thread 0x000001c1fb16d0a0 Thread added: 0x000001c1fb16d0a0
Event: 4.545 Thread 0x000001c1fb16e450 Thread added: 0x000001c1fb16e450
Event: 4.546 Thread 0x000001c1fb16d730 Thread added: 0x000001c1fb16d730
Event: 4.546 Thread 0x000001c1fb16afd0 Thread added: 0x000001c1fb16afd0
Event: 4.546 Thread 0x000001c1fb16eae0 Thread added: 0x000001c1fb16eae0
Event: 4.546 Thread 0x000001c1fb16b660 Thread added: 0x000001c1fb16b660
Event: 4.546 Thread 0x000001c1fb16f800 Thread added: 0x000001c1fb16f800
Event: 4.546 Thread 0x000001c1fb171240 Thread added: 0x000001c1fb171240
Event: 4.546 Thread 0x000001c1fb170bb0 Thread added: 0x000001c1fb170bb0
Event: 4.546 Thread 0x000001c1fb1718d0 Thread added: 0x000001c1fb1718d0
Event: 4.561 Thread 0x000001c1fb1725f0 Thread added: 0x000001c1fb1725f0
Event: 4.562 Thread 0x000001c1fb16f170 Thread added: 0x000001c1fb16f170
Event: 4.583 Thread 0x000001c1d419ecf0 Thread exited: 0x000001c1d419ecf0
Event: 4.583 Thread 0x000001c1fb16fe90 Thread added: 0x000001c1fb16fe90
Event: 9.768 Thread 0x000001c1f5946cc0 Thread exited: 0x000001c1f5946cc0
Event: 14.710 Thread 0x000001c1f5945f20 Thread exited: 0x000001c1f5945f20
Event: 74.004 Thread 0x000001c1fd196270 Thread added: 0x000001c1fd196270
Event: 74.153 Thread 0x000001c1fd194e00 Thread added: 0x000001c1fd194e00


Dynamic libraries:
0x00007ff79e8c0000 - 0x00007ff79e8d0000 	C:\software_JAVA\jdk-21.0.9\bin\java.exe
0x00007ff84fb40000 - 0x00007ff84fda8000 	C:\WINDOWS\SYSTEM32\ntdll.dll
0x00007ff84eba0000 - 0x00007ff84ec69000 	C:\WINDOWS\System32\KERNEL32.DLL
0x00007ff84ca00000 - 0x00007ff84cdf1000 	C:\WINDOWS\System32\KERNELBASE.dll
0x00007ff84c600000 - 0x00007ff84c74b000 	C:\WINDOWS\System32\ucrtbase.dll
0x00007ff83d230000 - 0x00007ff83d24b000 	C:\software_JAVA\jdk-21.0.9\bin\VCRUNTIME140.dll
0x00007ff83e090000 - 0x00007ff83e0a9000 	C:\software_JAVA\jdk-21.0.9\bin\jli.dll
0x00007ff84dbd0000 - 0x00007ff84dc84000 	C:\WINDOWS\System32\ADVAPI32.dll
0x00007ff84e540000 - 0x00007ff84e5e9000 	C:\WINDOWS\System32\msvcrt.dll
0x00007ff84e1a0000 - 0x00007ff84e246000 	C:\WINDOWS\System32\sechost.dll
0x00007ff84e420000 - 0x00007ff84e538000 	C:\WINDOWS\System32\RPCRT4.dll
0x00007ff84f7a0000 - 0x00007ff84f966000 	C:\WINDOWS\System32\USER32.dll
0x00007ff84cec0000 - 0x00007ff84cee7000 	C:\WINDOWS\System32\win32u.dll
0x00007ff831bf0000 - 0x00007ff831e83000 	C:\WINDOWS\WinSxS\amd64_microsoft.windows.common-controls_6595b64144ccf1df_6.0.26100.7824_none_3e0870b2e3345462\COMCTL32.dll
0x00007ff84e7e0000 - 0x00007ff84e80b000 	C:\WINDOWS\System32\GDI32.dll
0x00007ff84c420000 - 0x00007ff84c54b000 	C:\WINDOWS\System32\gdi32full.dll
0x00007ff84c550000 - 0x00007ff84c5f3000 	C:\WINDOWS\System32\msvcp_win.dll
0x00007ff83ac10000 - 0x00007ff83ac1b000 	C:\WINDOWS\SYSTEM32\VERSION.dll
0x00007ff84e740000 - 0x00007ff84e771000 	C:\WINDOWS\System32\IMM32.DLL
0x00007ff846530000 - 0x00007ff84653c000 	C:\software_JAVA\jdk-21.0.9\bin\vcruntime140_1.dll
0x00007ff8203f0000 - 0x00007ff82047e000 	C:\software_JAVA\jdk-21.0.9\bin\msvcp140.dll
0x00007fffefc30000 - 0x00007ffff094d000 	C:\software_JAVA\jdk-21.0.9\bin\server\jvm.dll
0x00007ff84fa20000 - 0x00007ff84fa94000 	C:\WINDOWS\System32\WS2_32.dll
0x00007ff84c280000 - 0x00007ff84c2de000 	C:\WINDOWS\SYSTEM32\POWRPROF.dll
0x00007ff833610000 - 0x00007ff833645000 	C:\WINDOWS\SYSTEM32\WINMM.dll
0x00007ff84c260000 - 0x00007ff84c274000 	C:\WINDOWS\SYSTEM32\UMPDC.dll
0x00007ff84b1c0000 - 0x00007ff84b1db000 	C:\WINDOWS\SYSTEM32\kernel.appcore.dll
0x00007ff83ac70000 - 0x00007ff83ac7a000 	C:\software_JAVA\jdk-21.0.9\bin\jimage.dll
0x00007ff84a5c0000 - 0x00007ff84a802000 	C:\WINDOWS\SYSTEM32\DBGHELP.DLL
0x00007ff84e810000 - 0x00007ff84eb96000 	C:\WINDOWS\System32\combase.dll
0x00007ff84e660000 - 0x00007ff84e737000 	C:\WINDOWS\System32\OLEAUT32.dll
0x00007ff828200000 - 0x00007ff82823b000 	C:\WINDOWS\SYSTEM32\dbgcore.DLL
0x00007ff84c7e0000 - 0x00007ff84c885000 	C:\WINDOWS\System32\bcryptPrimitives.dll
0x00007ff846600000 - 0x00007ff84660f000 	C:\software_JAVA\jdk-21.0.9\bin\instrument.dll
0x00007ff83ac20000 - 0x00007ff83ac3f000 	C:\software_JAVA\jdk-21.0.9\bin\java.dll
0x00007ff84eee0000 - 0x00007ff84f632000 	C:\WINDOWS\System32\SHELL32.dll
0x00007ff84c890000 - 0x00007ff84c9fa000 	C:\WINDOWS\System32\wintypes.dll
0x00007ff84cef0000 - 0x00007ff84d753000 	C:\WINDOWS\System32\windows.storage.dll
0x00007ff84ec70000 - 0x00007ff84ed66000 	C:\WINDOWS\System32\SHCORE.dll
0x00007ff84e5f0000 - 0x00007ff84e657000 	C:\WINDOWS\System32\shlwapi.dll
0x00007ff84c340000 - 0x00007ff84c369000 	C:\WINDOWS\SYSTEM32\profapi.dll
0x00007ff820310000 - 0x00007ff8203e7000 	C:\software_JAVA\jdk-21.0.9\bin\jsvml.dll
0x00007ff832dd0000 - 0x00007ff832de8000 	C:\software_JAVA\jdk-21.0.9\bin\zip.dll
0x00007ff838ae0000 - 0x00007ff838af0000 	C:\software_JAVA\jdk-21.0.9\bin\net.dll
0x00007ff842cd0000 - 0x00007ff842df7000 	C:\WINDOWS\SYSTEM32\WINHTTP.dll
0x00007ff84b730000 - 0x00007ff84b79b000 	C:\WINDOWS\system32\mswsock.dll
0x00007ff836a20000 - 0x00007ff836a36000 	C:\software_JAVA\jdk-21.0.9\bin\nio.dll
0x00007ff832a20000 - 0x00007ff832a29000 	C:\software_JAVA\jdk-21.0.9\bin\extnet.dll
0x00007ff838ad0000 - 0x00007ff838ade000 	C:\software_JAVA\jdk-21.0.9\bin\sunmscapi.dll
0x00007ff84d760000 - 0x00007ff84d8d7000 	C:\WINDOWS\System32\CRYPT32.dll
0x00007ff84bc20000 - 0x00007ff84bc50000 	C:\WINDOWS\SYSTEM32\ncrypt.dll
0x00007ff84bbd0000 - 0x00007ff84bc0f000 	C:\WINDOWS\SYSTEM32\NTASN1.dll
0x00007ff84ba00000 - 0x00007ff84ba1b000 	C:\WINDOWS\SYSTEM32\CRYPTSP.dll
0x00007ff84b100000 - 0x00007ff84b139000 	C:\WINDOWS\system32\rsaenh.dll
0x00007ff84b7e0000 - 0x00007ff84b80b000 	C:\WINDOWS\SYSTEM32\USERENV.dll
0x00007ff84c310000 - 0x00007ff84c33a000 	C:\WINDOWS\SYSTEM32\bcrypt.dll
0x00007ff84ba20000 - 0x00007ff84ba2c000 	C:\WINDOWS\SYSTEM32\CRYPTBASE.dll
0x00007ff84abe0000 - 0x00007ff84ac14000 	C:\WINDOWS\SYSTEM32\IPHLPAPI.DLL
0x00007ff84dbc0000 - 0x00007ff84dbca000 	C:\WINDOWS\System32\NSI.dll
0x00007ff83dc80000 - 0x00007ff83dc8a000 	C:\software_JAVA\jdk-21.0.9\bin\management.dll
0x00007ff83dc70000 - 0x00007ff83dc7b000 	C:\software_JAVA\jdk-21.0.9\bin\management_ext.dll
0x00007ff84faf0000 - 0x00007ff84faf8000 	C:\WINDOWS\System32\PSAPI.DLL
0x00007ff824df0000 - 0x00007ff824e08000 	C:\WINDOWS\system32\napinsp.dll
0x00007ff84ac80000 - 0x00007ff84adac000 	C:\WINDOWS\SYSTEM32\DNSAPI.dll
0x00007ff824030000 - 0x00007ff824042000 	C:\WINDOWS\System32\winrnr.dll
0x00007ff824000000 - 0x00007ff824022000 	C:\WINDOWS\system32\nlansp_c.dll
0x00007ff83d3e0000 - 0x00007ff83d3f6000 	C:\WINDOWS\system32\wshbth.dll
0x00007ff83b610000 - 0x00007ff83b61b000 	C:\Windows\System32\rasadhlp.dll
0x00007ff843590000 - 0x00007ff843616000 	C:\WINDOWS\System32\fwpuclnt.dll
0x00007ff82b8b0000 - 0x00007ff82b8b8000 	C:\WINDOWS\system32\wshunix.dll

dbghelp: loaded successfully - version: 4.0.5 - missing functions: none
symbol engine: initialized successfully - sym options: 0x614 - pdb path: .;C:\software_JAVA\jdk-21.0.9\bin;C:\WINDOWS\SYSTEM32;C:\WINDOWS\WinSxS\amd64_microsoft.windows.common-controls_6595b64144ccf1df_6.0.26100.7824_none_3e0870b2e3345462;C:\software_JAVA\jdk-21.0.9\bin\server

VM Arguments:
jvm_args: -javaagent:D:\Program Files\JetBrains\IntelliJ IDEA 2025.2\lib\idea_rt.jar=62409 -Dfile.encoding=UTF-8 -Dsun.stdout.encoding=UTF-8 -Dsun.stderr.encoding=UTF-8 
java_command: com.yupi.yuaicodemother.YupiAiCodeMotherApplication
java_class_path (initial): D:\yupiProjects\AI零代码生成平台\yupi-ai-code-mother\target\classes;C:\Users\17095\.m2\repository\com\mybatis-flex\mybatis-flex-spring-boot3-starter\1.11.6\mybatis-flex-spring-boot3-starter-1.11.6.jar;C:\Users\17095\.m2\repository\com\mybatis-flex\mybatis-flex-spring-boot-starter\1.11.6\mybatis-flex-spring-boot-starter-1.11.6.jar;C:\Users\17095\.m2\repository\com\mybatis-flex\mybatis-flex-spring\1.11.6\mybatis-flex-spring-1.11.6.jar;C:\Users\17095\.m2\repository\org\springframework\spring-context-support\6.2.16\spring-context-support-6.2.16.jar;C:\Users\17095\.m2\repository\org\springframework\spring-jdbc\6.2.16\spring-jdbc-6.2.16.jar;C:\Users\17095\.m2\repository\org\springframework\spring-tx\6.2.16\spring-tx-6.2.16.jar;C:\Users\17095\.m2\repository\org\springframework\boot\spring-boot-autoconfigure\3.5.11\spring-boot-autoconfigure-3.5.11.jar;C:\Users\17095\.m2\repository\org\mybatis\mybatis-spring\3.0.5\mybatis-spring-3.0.5.jar;C:\Users\17095\.m2\repository\com\mybatis-flex\mybatis-flex-codegen\1.11.6\mybatis-flex-codegen-1.11.6.jar;C:\Users\17095\.m2\repository\com\mybatis-flex\mybatis-flex-core\1.11.6\mybatis-flex-core-1.11.6.jar;C:\Users\17095\.m2\repository\com\mybatis-flex\mybatis-flex-annotation\1.11.6\mybatis-flex-annotation-1.11.6.jar;C:\Users\17095\.m2\repository\org\mybatis\mybatis\3.5.19\mybatis-3.5.19.jar;C:\Users\17095\.m2\repository\com\jfinal\enjoy\5.1.3\enjoy-5.1.3.jar;C:\Users\17095\.m2\repository\com\zaxxer\HikariCP\4.0.3\HikariCP-4.0.3.jar;C:\Users\17095\.m2\repository\org\slf4j\slf4j-api\2.0.17\slf4j-api-2.0.17.jar;C:\Users\17095\.m2\repository\cn\hutool\hutool-all\5.8.38\hutool-all-5.8.38.jar;C:\Users\17095\.m2\repository\com\github\xiaoymin\knife4j-openapi3-jakarta-spring-boot-starter\4.4.0\knife4j-openapi3-jakarta-spring-boot-starter-4.4.0.jar;C:\Users\17095\.m2\repository\com\github\xiaoymin\knife4j-core\4.4.0\knife4j-core-4.4.0.jar;C:\Users\17095\.m2\repository\com\github\xiaoymin\knife4j-openapi3-ui\4.4.0\knife4j-openapi3-ui-4.4.0.jar;C:\Users\17095\.m2\repository\org\springdoc\springdoc-openapi-starter-webmvc-ui\2.3.0\springdoc-openapi-starter-webmvc-ui-2.3.0.jar;C:\Users\17095\.m2\repository\org\springdoc\springdoc-openapi-starter-webmvc-api\2.3.0\springdoc-openapi-starter-webmvc-api-2.3.0.jar;C:\Users\17095\.m2\repository\org\springdoc\springdoc-openapi-starter-common\2.3.0\springdoc-openapi-starter-common-2.3.0.jar;C:\Users\17095\.m2\repository\io\swagger\core\v3\swagger-core-jakarta\2.2.19\swagger-core-jakarta-2.2.19.jar;C:\Users\17095\.m2\repository\org\apache\commons\commons-lang3\3.17.0\commons-lang3-3.17.0.jar;C:\Users\17095\.m2\repository\io\swagger\core\v3\swagger-annotations-jakarta\2.2.19\swagger-annotations-jakarta-2.2.19.jar;C:\Users\17095\.m2\repository\io\swagger\core\v3\swagger-models-jakarta\2.2.19\swagger-models-jakarta-2.2.19.jar;C:\Users\17095\.m2\repository\jakarta\validation\jakarta.validation-api\3.0.2\jakarta.validation-api-3.0.2.jar;C:\Users\17095\.m2\repository\com\fasterxml\jackson\dataformat\jackson-dataformat-yaml\2.19.4\jackson-dataformat-yaml-2.19.4.jar;C:\Users\17095\.m2\repository\org\webjars\swagger-ui\5.10.3\swagger-ui-5.10.3.jar;C:\Users\17095\.m2\repository\org\springframework\boot\spring-boot-starter-web\3.5.11\spring-boot-starter-web-3.5.11.jar;C:\Users\17095\.m2\repository\org\springframework\boot\spring-boot-starter\3.5.11\spring-boot-starter-3.5.11.jar;C:\Users\17095\.m2\repository\org\springframework\boot\spring-boot\3.5.11\spring-boot-3.5.11.jar;C:\Users\17095\.m2\repository\org\springframework\boot\spring-boot-starter-logging\3.5.11\spring-boot-starter-logging-3.5.11.jar;C:\Users\17095\.m2\repository\ch\qos\logback\logback-classic\1.5.32\logback-classic-1.5.32.jar;C:\Users\17095\.m2\repository\ch\qos\logback\logback-core\1.5.32\logback-core-1.5.32.jar;C:\Users\17095\.m2\repository\org\apache\logging\log4j\log4j-to-slf4j\2.24.3\log4j-to-slf4j-2.24.3.jar;C:\Users\17095\.m2\repository\org\apache\logging\log4j\log4j-api\2.24.3\log4j-api-2.24.3.jar;C:\Users\17095\.m2\repository\org\slf4j\jul-to-slf4j\2.0.17\jul-to-slf4j-2.0.17.jar;C:\Users\17095\.m2\repository\jakarta\annotation\jakarta.annotation-api\2.1.1\jakarta.annotation-api-2.1.1.jar;C:\Users\17095\.m2\repository\org\yaml\snakeyaml\2.4\snakeyaml-2.4.jar;C:\Users\17095\.m2\repository\org\springframework\boot\spring-boot-starter-json\3.5.11\spring-boot-starter-json-3.5.11.jar;C:\Users\17095\.m2\repository\com\fasterxml\jackson\core\jackson-databind\2.19.4\jackson-databind-2.19.4.jar;C:\Users\17095\.m2\repository\com\fasterxml\jackson\core\jackson-annotations\2.19.4\jackson-annotations-2.19.4.jar;C:\Users\17095\.m2\repository\com\fasterxml\jackson\core\jackson-core\2.19.4\jackson-core-2.19.4.jar;C:\Users\17095\.m2\repository\com\fasterxml\jackson\datatype\jackson-datatype-jdk8\2.19.4\jackson-datatype-jdk8-2.19.4.jar;C:\Users\17095\.m2\repository\com\fasterxml\jackson\datatype\jackson-datatype-jsr310\2.19.4\jackson-datatype-jsr310-2.19.4.jar;C:\Users\17095\.m2\repository\com\fasterxml\jackson\module\jackson-module-parameter-names\2.19.4\jackson-module-parameter-names-2.19.4.jar;C:\Users\17095\.m2\repository\org\springframework\boot\spring-boot-starter-tomcat\3.5.11\spring-boot-starter-tomcat-3.5.11.jar;C:\Users\17095\.m2\repository\org\apache\tomcat\embed\tomcat-embed-core\10.1.52\tomcat-embed-core-10.1.52.jar;C:\Users\17095\.m2\repository\org\apache\tomcat\embed\tomcat-embed-el\10.1.52\tomcat-embed-el-10.1.52.jar;C:\Users\17095\.m2\repository\org\apache\tomcat\embed\tomcat-embed-websocket\10.1.52\tomcat-embed-websocket-10.1.52.jar;C:\Users\17095\.m2\repository\org\springframework\spring-web\6.2.16\spring-web-6.2.16.jar;C:\Users\17095\.m2\repository\org\springframework\spring-beans\6.2.16\spring-beans-6.2.16.jar;C:\Users\17095\.m2\repository\io\micrometer\micrometer-observation\1.15.9\micrometer-observation-1.15.9.jar;C:\Users\17095\.m2\repository\io\micrometer\micrometer-commons\1.15.9\micrometer-commons-1.15.9.jar;C:\Users\17095\.m2\repository\org\springframework\spring-webmvc\6.2.16\spring-webmvc-6.2.16.jar;C:\Users\17095\.m2\repository\org\springframework\spring-aop\6.2.16\spring-aop-6.2.16.jar;C:\Users\17095\.m2\repository\org\springframework\spring-context\6.2.16\spring-context-6.2.16.jar;C:\Users\17095\.m2\repository\org\springframework\spring-expression\6.2.16\spring-expression-6.2.16.jar;C:\Users\17095\.m2\repository\com\mysql\mysql-connector-j\9.6.0\mysql-connector-j-9.6.0.jar;C:\Users\17095\.m2\repository\org\projectlombok\lombok\1.18.42\lombok-1.18.42.jar;C:\Users\17095\.m2\repository\jakarta\xml\bind\jakarta.xml.bind-api\4.0.4\jakarta.xml.bind-api-4.0.4.jar;C:\Users\17095\.m2\repository\jakarta\activation\jakarta.activation-api\2.1.4\jakarta.activation-api-2.1.4.jar;C:\Users\17095\.m2\repository\org\springframework\spring-core\6.2.16\spring-core-6.2.16.jar;C:\Users\17095\.m2\repository\org\springframework\spring-jcl\6.2.16\spring-jcl-6.2.16.jar
Launcher Type: SUN_STANDARD

[Global flags]
     intx CICompilerCount                          = 4                                         {product} {ergonomic}
     uint ConcGCThreads                            = 2                                         {product} {ergonomic}
     uint G1ConcRefinementThreads                  = 8                                         {product} {ergonomic}
   size_t G1HeapRegionSize                         = 2097152                                   {product} {ergonomic}
    uintx GCDrainStackTargetSize                   = 64                                        {product} {ergonomic}
   size_t InitialHeapSize                          = 264241152                                 {product} {ergonomic}
   size_t MarkStackSize                            = 4194304                                   {product} {ergonomic}
   size_t MaxHeapSize                              = 4208984064                                {product} {ergonomic}
   size_t MaxNewSize                               = 2524971008                                {product} {ergonomic}
   size_t MinHeapDeltaBytes                        = 2097152                                   {product} {ergonomic}
   size_t MinHeapSize                              = 8388608                                   {product} {ergonomic}
    uintx NonNMethodCodeHeapSize                   = 5839372                                {pd product} {ergonomic}
    uintx NonProfiledCodeHeapSize                  = 122909434                              {pd product} {ergonomic}
    uintx ProfiledCodeHeapSize                     = 122909434                              {pd product} {ergonomic}
    uintx ReservedCodeCacheSize                    = 251658240                              {pd product} {ergonomic}
     bool SegmentedCodeCache                       = true                                      {product} {ergonomic}
   size_t SoftMaxHeapSize                          = 4208984064                             {manageable} {ergonomic}
     bool UseCompressedOops                        = true                           {product lp64_product} {ergonomic}
     bool UseG1GC                                  = true                                      {product} {ergonomic}
     bool UseLargePagesIndividualAllocation        = false                                  {pd product} {ergonomic}

Logging:
Log output configuration:
 #0: stdout all=warning uptime,level,tags foldmultilines=false
 #1: stderr all=off uptime,level,tags foldmultilines=false

Environment Variables:
JAVA_HOME=C:\software_JAVA\jdk-21.0.9
CLASSPATH=.;%JAVA_HOME%\lib\tools.jar;%JAVA_HOME%\lib\dt.jar;
PATH=C:\software_JAVA\jdk-21.0.9\bin;C:\Program Files\Common Files\Oracle\Java\javapath;C:\Program Files (x86)\Common Files\Oracle\Java\java8path;C:\Program Files (x86)\Common Files\Oracle\Java\javapath;C:\Program Files (x86)\VMware\VMware Workstation\bin\;C:\WINDOWS\system32;C:\WINDOWS;C:\WINDOWS\System32\Wbem;C:\WINDOWS\System32\WindowsPowerShell\v1.0\;C:\WINDOWS\System32\OpenSSH\;C:\Program Files (x86)\Windows Kits\10\Windows Performance Toolkit\;C:\Anaconda\Scripts;C:\Anaconda;C:\Anaconda\Library\bin;C:\Anaconda\Library\mingw-w64;C:\Program Files\Git\cmd;C:\software_JAVA\jdk-21.0.9\jre\bin;C:\Program Files\MySQL\MySQL Server 8.4\bin;D:\software_tools\apache-maven-3.9.11-bin\apache-maven-3.9.11\bin;C:\software_01\apache-tomcat-7.0.100-windows-x64\apache-tomcat-7.0.100\lib;C:\software_01\apache-tomcat-7.0.100-windows-x64\apache-tomcat-7.0.100\bin;C:\Program Files (x86)\NetSarang\Xshell 8\;C:\Program Files (x86)\NetSarang\Xftp 8\;C:\Users\17095\AppData\Roaming\nvm;C:\Program Files\nodejs;D:\software_tools\npm\GlobalNodeModules;C:\python\Scripts\;C:\python\;C:\Users\17095\AppData\Local\Programs\Python\Launcher\;C:\Users\17095\AppData\Local\Microsoft\WindowsApps;C:\Users\17095\AppData\Local\GitHubDesktop\bin;C:\software_01\Microsoft VS Code\bin;D:\Program Files\JetBrains\IntelliJ IDEA 2025.2\bin;D:\Program Files\JetBrains\DataGrip 2025.2.2\bin;C:\Program Files\Microsoft Visual Studio\2022\Community\VC\Tools\MSVC\14.39.33519\bin\Hostx64\x64;C:\Users\17095\AppData\Roaming\nvm;C:\Program Files\nodejs
USERNAME=17095
OS=Windows_NT
PROCESSOR_IDENTIFIER=Intel64 Family 6 Model 126 Stepping 5, GenuineIntel
TMP=C:\Users\17095\AppData\Local\Temp
TEMP=C:\Users\17095\AppData\Local\Temp




Periodic native trim disabled

---------------  S Y S T E M  ---------------

OS:
 Windows 11 , 64 bit Build 26100 (10.0.26100.7705)
OS uptime: 15 days 10:40 hours
Hyper-V role detected

CPU: total 8 (initial active 8) (4 cores per cpu, 2 threads per core) family 6 model 126 stepping 5 microcode 0x86, cx8, cmov, fxsr, ht, mmx, 3dnowpref, sse, sse2, sse3, ssse3, sse4.1, sse4.2, popcnt, lzcnt, tsc, tscinvbit, avx, avx2, aes, erms, clmul, bmi1, bmi2, adx, avx512f, avx512dq, avx512cd, avx512bw, avx512vl, sha, fma, vzeroupper, avx512_vpopcntdq, avx512_vpclmulqdq, avx512_vaes, avx512_vnni, clflush, clflushopt, avx512_vbmi2, avx512_vbmi, hv, rdtscp, rdpid, fsrm, gfni, avx512_bitalg, f16c, avx512_ifma
Processor Information for all 8 processors :
  Max Mhz: 1498, Current Mhz: 1298, Mhz Limit: 1288

Memory: 4k page, system-wide physical 16049M (3695M free)
TotalPageFile size 16049M (AvailPageFile size 29M)
current process WorkingSet (physical memory assigned to process): 218M, peak: 232M
current process commit charge ("private bytes"): 255M, peak: 403M

vm_info: Java HotSpot(TM) 64-Bit Server VM (21.0.9+7-LTS-338) for windows-amd64 JRE (21.0.9+7-LTS-338), built on 2025-09-26T06:33:49Z by "mach5run" with MS VC++ 17.6 (VS2022)

END.
